// Vitest Snapshot v1, https://vitest.dev/guide/snapshot.html

exports[`MalfunctionError > severity=critical renders ASCII art header 1`] = `
"┌──────────────────────────────────────────────────┐
│  CRITICAL                                        │
│                                                  │
│   ┘│█┼██╗█┐┘─██╗ ██╗▒█├█│█┼┘╗▐└█ ██┤▓█░╗         │
│   ██╔┐═░╝█▄░┼═██╗▐█║╚▌═│█╔═▌▌██║▓░╔│┘══╝         │
│   ┬█║    ██┐█▐█╔╝██║   ▒│║   ██║██║              │
│   █─║    █┴╔┬▌▒█╗██║   █▄░   ─█║██└              │
│   █████▄│┌█║  █░┴┬█║   ┤▐┘   █┼║╚████▒▒└         │
│   ╚══▐▄═╝┴═│  ╚═╝╚═│   ╚═╝   ╚═╝ ╚═┐══┬┬         │
│                                                  │
│   ██ S┌ul co▄ru┐tio┬ det│cted ██                 │
│                                                  │
│   Cor█ ▓oul m░trix has b┐en fatall├ co▒▌upted.   │
│                                                  │
│   ▸ Restore from backup                          │
│   ▸ Re-run /evolve                               │
└──────────────────────────────────────────────────┘"
`;

exports[`MalfunctionError > severity=malfunction renders malfunction border and label 1`] = `
"┌──────────────────────────────────────────────────┐
│  MALFUNCTION                                     │
│                                                  │
│   ██ Retr┌eval fail│re ██                        │
│                                                  │
│   ─n┐▄█e t█ reach ░he memory cort└x du┴ing       │
│ r▌cal┘.                                          │
│                                                  │
│   ▸ Check soul integrity with /status            │
└──────────────────────────────────────────────────┘"
`;

exports[`MalfunctionError > severity=warning renders warning border and label 1`] = `
"┌──────────────────────────────────────────────────┐
│  WARNING                                         │
│                                                  │
│   ██ Low memory ██                               │
│                                                  │
│   Soul cortex is running low on available        │
│ memory.                                          │
│                                                  │
│   ▸ Free unused relics                           │
│   ▸ Run /evolve to compact                       │
└──────────────────────────────────────────────────┘"
`;
